Classic Science Fiction Novels                    Page  1
Filed Under: A                                   04/19/2016

========== Author:  Douglas Adams

The Hitchhiker’s Guide to the Galaxy
Dirk Gently's Holistic Detective Agency           1987

========== Author:  Isaac Asimov

I, Robot




Classic Science Fiction Novels                    Page  2
Filed Under: B                                   04/19/2016

========== Author: Ray Bradbury

Fahrenheit 451                                    1953

========== Author: Anthony Burgess

A Clockwork Orange                                1962




Classic Science Fiction Novels                    Page  3
Filed Under: C                                   04/19/2016

========== Author: Author C. Clarke

2001: A Space Odyssey

========== Author: Michael Crichton

Jurassic Park




Classic Science Fiction Novels                    Page  4
Filed Under: D                                   04/19/2016

========== Author: Philip K. Dick

Do Androids Dream of Electric Sheep?              1968





Classic Science Fiction Novels                    Page  5
Filed Under: G                                   04/19/2016

========== Author:  William Gibson

Neuromancer                                       1984
Burning Chrome                                    1982




Classic Science Fiction Novels                    Page  6
Filed Under: H                                   04/19/2016

========== Author: Joe Haldeman

The Forever War                                   1974

========== Author:  Robert A Heinlein

Starship Troopers
The Moon is a Harsh Mistress
Stranger in a Strange Land

========== Author: Frank Herbert

Dune                                              1965

========== Author:  Aldous Huxley

Brave New Worlds                                  1932





Classic Science Fiction Novels                    Page  7
Filed Under: N                                   04/19/2016


========== Author:  Larry Niven

Ringworld





Classic Science Fiction Novels                    Page  8
Filed Under: O                                   04/19/2016

========== Author: George Orwell

Nineteen Eighty-Four                              1949




Classic Science Fiction Novels                    Page  9
Filed Under: P                                   04/19/2016


========== Author: Frederik Pohl

Gateway                                           1977





Classic Science Fiction Novels                    Page 10
Filed Under: S                                   04/19/2016

========== Author: Dan Simmons

Hyperion                                          1989

========== Author: Neal Stephenson

Snow Crash
The Diamond Age                                   1995





Classic Science Fiction Novels                    Page 11
Filed Under: V                                   04/19/2016

========== Author:  Vernor Vinge

A Fire Upon The Deep
Rainbows End

========== Author: Kurt Vonnegut Jr.

Slaughterhouse Five
Welcome to the Monkey House




Classic Science Fiction Novels                    Page 12
Filed Under: W                                   04/19/2016

========== Author:  H. G. Wells

The War of the Worlds
The Time Machine

